[pluginspoint.com/demo/i-finger-preview/05_film-town/index.html]
[backblue.gif]
[fade.gif]
[index.html]
[pluginspoint.com/demo/i-finger-preview/05_film-town/img/favicon.ico]
[pluginspoint.com/demo/i-finger-preview/05_film-town/img/home1/logo.png]
[pluginspoint.com/demo/i-finger-preview/05_film-town/02_index-2.html]
[pluginspoint.com/demo/i-finger-preview/05_film-town/03_index-3.html]
[pluginspoint.com/demo/i-finger-preview/05_film-town/04_movie-details.html]
[pluginspoint.com/demo/i-finger-preview/05_film-town/05_feature-movie-grid.html]
[pluginspoint.com/demo/i-finger-preview/05_film-town/10_blog-page.html]
[pluginspoint.com/demo/i-finger-preview/05_film-town/09_about.html]
[pluginspoint.com/demo/i-finger-preview/05_film-town/06_feature-movie-list.html]
[pluginspoint.com/demo/i-finger-preview/05_film-town/11_blog-details.html]
[pluginspoint.com/demo/i-finger-preview/05_film-town/07_celebrety-page.html]
[pluginspoint.com/demo/i-finger-preview/05_film-town/img/home1/slider-1.jpg]
[pluginspoint.com/demo/i-finger-preview/05_film-town/12_contact.html]
[pluginspoint.com/demo/i-finger-preview/05_film-town/img/home1/slider-2.jpg]
[pluginspoint.com/demo/i-finger-preview/05_film-town/08_celebrety-details.html]
[pluginspoint.com/demo/i-finger-preview/05_film-town/img/home1/top-movie-1.jpg]
[pluginspoint.com/demo/i-finger-preview/05_film-town/img/home1/top-movie-2.jpg]
[pluginspoint.com/demo/i-finger-preview/05_film-town/img/home1/top-movie-3.jpg]
[pluginspoint.com/demo/i-finger-preview/05_film-town/img/home1/top-movie-4.jpg]
[pluginspoint.com/demo/i-finger-preview/05_film-town/img/home1/upcoming-b-1.jpg]
[pluginspoint.com/demo/i-finger-preview/05_film-town/img/home1/upcoming-s-1.jpg]
[pluginspoint.com/demo/i-finger-preview/05_film-town/img/home1/upcoming-s-3.jpg]
[pluginspoint.com/demo/i-finger-preview/05_film-town/img/home1/upcoming-s-2.jpg]
[pluginspoint.com/demo/i-finger-preview/05_film-town/img/home1/upcoming-s-4.jpg]
[pluginspoint.com/demo/i-finger-preview/05_film-town/img/home1/latest-1.jpg]
[pluginspoint.com/demo/i-finger-preview/05_film-town/img/home1/latest-2.jpg]
[pluginspoint.com/demo/i-finger-preview/05_film-town/img/home1/latest-3.jpg]
[pluginspoint.com/demo/i-finger-preview/05_film-town/img/home1/latest-4.jpg]
[pluginspoint.com/demo/i-finger-preview/05_film-town/img/home1/find-bg.jpg]
[pluginspoint.com/demo/i-finger-preview/05_film-town/img/home1/about-movie-banner.jpg]
[pluginspoint.com/demo/i-finger-preview/05_film-town/img/home1/latest-news-b-1.jpg]
[pluginspoint.com/demo/i-finger-preview/05_film-town/img/home1/latest-news-s-1.jpg]
[pluginspoint.com/demo/i-finger-preview/05_film-town/img/home1/latest-news-s-2.jpg]
[pluginspoint.com/demo/i-finger-preview/05_film-town/img/home1/logo2.png]
[pluginspoint.com/demo/i-finger-preview/05_film-town/js/jquery-3.2.0.min.js]
[pluginspoint.com/demo/i-finger-preview/05_film-town/js/jquery-ui.js]
[pluginspoint.com/demo/i-finger-preview/05_film-town/js/owl.carousel.min.js]
[pluginspoint.com/demo/i-finger-preview/05_film-town/js/jquery.counterup.min.js]
[pluginspoint.com/demo/i-finger-preview/05_film-town/js/countdown.js]
[pluginspoint.com/demo/i-finger-preview/05_film-town/js/parallax.js]
[pluginspoint.com/demo/i-finger-preview/05_film-town/js/amplitude.js]
[pluginspoint.com/demo/i-finger-preview/05_film-town/js/plyr.js]
[pluginspoint.com/demo/i-finger-preview/05_film-town/js/jquery.slimscroll.min.js]
[pluginspoint.com/demo/i-finger-preview/05_film-town/js/jquery.magnific-popup.min.js]
[pluginspoint.com/demo/i-finger-preview/05_film-town/js/jquery.slicknav.min.js]
[pluginspoint.com/demo/i-finger-preview/05_film-town/js/jquery.scrollUp.js]
[pluginspoint.com/demo/i-finger-preview/05_film-town/js/jquery.mixitup.min.js]
[pluginspoint.com/demo/i-finger-preview/05_film-town/js/jquery.waypoints.min.js]
[pluginspoint.com/demo/i-finger-preview/05_film-town/js/popper.min.js]
[pluginspoint.com/demo/i-finger-preview/05_film-town/js/bootstrap.min.js]
[pluginspoint.com/demo/i-finger-preview/05_film-town/js/theme.js]
[pluginspoint.com/demo/i-finger-preview/05_film-town/index.html]
[pluginspoint.com/demo/i-finger-preview/05_film-town/css/bootstrap.min.css]
[pluginspoint.com/demo/i-finger-preview/05_film-town/css/images/ui-icons_444444_256x240.3e.delayed]
[pluginspoint.com/demo/i-finger-preview/05_film-town/css/images/ui-icons_555555_256x240.3f.delayed]
[pluginspoint.com/demo/i-finger-preview/05_film-town/css/images/ui-icons_ffffff_256x240.40.delayed]
[pluginspoint.com/demo/i-finger-preview/05_film-town/css/images/ui-icons_777620_256x240.41.delayed]
[pluginspoint.com/demo/i-finger-preview/05_film-town/css/images/ui-icons_cc0000_256x240.42.delayed]
[pluginspoint.com/demo/i-finger-preview/05_film-town/css/images/ui-icons_777777_256x240.43.delayed]
[pluginspoint.com/demo/i-finger-preview/05_film-town/css/jquery-ui.css]
[pluginspoint.com/demo/i-finger-preview/05_film-town/fonts/fa-brands-400.eot]
[pluginspoint.com/demo/i-finger-preview/05_film-town/fonts/fa-brands-400.woff2]
[pluginspoint.com/demo/i-finger-preview/05_film-town/fonts/fa-brands-400d41d.eot]
[pluginspoint.com/demo/i-finger-preview/05_film-town/fonts/fa-brands-400.woff]
[pluginspoint.com/demo/i-finger-preview/05_film-town/fonts/fa-brands-400.ttf]
[pluginspoint.com/demo/i-finger-preview/05_film-town/fonts/fa-regular-400.eot]
[pluginspoint.com/demo/i-finger-preview/05_film-town/fonts/fa-regular-400.woff2]
[pluginspoint.com/demo/i-finger-preview/05_film-town/fonts/fa-regular-400d41d.eot]
[pluginspoint.com/demo/i-finger-preview/05_film-town/fonts/fa-regular-400.woff]
[pluginspoint.com/demo/i-finger-preview/05_film-town/fonts/fa-regular-400.ttf]
[pluginspoint.com/demo/i-finger-preview/05_film-town/fonts/fa-solid-900.eot]
[pluginspoint.com/demo/i-finger-preview/05_film-town/fonts/fa-solid-900.woff2]
[pluginspoint.com/demo/i-finger-preview/05_film-town/fonts/fa-solid-900d41d.eot]
[pluginspoint.com/demo/i-finger-preview/05_film-town/fonts/fa-solid-900.woff]
[pluginspoint.com/demo/i-finger-preview/05_film-town/fonts/fa-solid-900.ttf]
[pluginspoint.com/demo/i-finger-preview/05_film-town/css/fontawesome-all.min.css]
[pluginspoint.com/demo/i-finger-preview/05_film-town/css/owl.video.play.53.delayed]
[pluginspoint.com/demo/i-finger-preview/05_film-town/css/owl.carousel.min.css]
[pluginspoint.com/demo/i-finger-preview/05_film-town/css/animate.css]
[pluginspoint.com/demo/i-finger-preview/05_film-town/css/plyr.css]
[pluginspoint.com/demo/i-finger-preview/05_film-town/css/magnific-popup.css]
[pluginspoint.com/demo/i-finger-preview/05_film-town/css/slicknav.min.css]
[pluginspoint.com/demo/i-finger-preview/05_film-town/img/loader.gif]
[pluginspoint.com/demo/i-finger-preview/05_film-town/img/home1/down.png]
[pluginspoint.com/demo/i-finger-preview/05_film-town/img/home1/newsletter-bg.jpg]
[pluginspoint.com/demo/i-finger-preview/05_film-town/img/home3/home3-banner.jpg]
[pluginspoint.com/demo/i-finger-preview/05_film-town/img/home3/my-album-bg.png]
[pluginspoint.com/demo/i-finger-preview/05_film-town/img/home3/ums-bg-1.jpg]
[pluginspoint.com/demo/i-finger-preview/05_film-town/img/home3/newsletter-bg.jpg]
[pluginspoint.com/demo/i-finger-preview/05_film-town/img/details/breadcumb-bg.jpg]
[pluginspoint.com/demo/i-finger-preview/05_film-town/css/style.css]
[pluginspoint.com/demo/i-finger-preview/05_film-town/css/responsive.css]
[pluginspoint.com/demo/i-finger-preview/05_film-town/img/home2/logo.png]
[pluginspoint.com/demo/i-finger-preview/05_film-town/img/home2/slider1.jpg]
[pluginspoint.com/demo/i-finger-preview/05_film-town/img/home2/slider2.jpg]
[pluginspoint.com/demo/i-finger-preview/05_film-town/img/home2/about-banner.jpg]
[pluginspoint.com/demo/i-finger-preview/05_film-town/02_index-2.html]
[pluginspoint.com/demo/i-finger-preview/05_film-town/img/home3/logo.png]
[pluginspoint.com/demo/i-finger-preview/05_film-town/img/home3/slider-1.jpg]
[pluginspoint.com/demo/i-finger-preview/05_film-town/img/home3/slider-2.jpg]
[pluginspoint.com/demo/i-finger-preview/05_film-town/img/home3/about-banner.jpg]
[pluginspoint.com/demo/i-finger-preview/05_film-town/img/home3/about-author.png]
[pluginspoint.com/demo/i-finger-preview/05_film-town/img/home3/about-author-sign.png]
[pluginspoint.com/demo/i-finger-preview/05_film-town/img/home3/album-1.jpg]
[pluginspoint.com/demo/i-finger-preview/05_film-town/img/home3/album-2.jpg]
[pluginspoint.com/demo/i-finger-preview/05_film-town/img/home3/album-3.jpg]
[pluginspoint.com/demo/i-finger-preview/05_film-town/img/home3/album-4.jpg]
[pluginspoint.com/demo/i-finger-preview/05_film-town/img/home3/mshow-b-1.jpg]
[pluginspoint.com/demo/i-finger-preview/05_film-town/img/home3/mshow-s-1.jpg]
[pluginspoint.com/demo/i-finger-preview/05_film-town/img/home3/mshow-s-2.jpg]
[pluginspoint.com/demo/i-finger-preview/05_film-town/img/home3/mshow-s-3.jpg]
[pluginspoint.com/demo/i-finger-preview/05_film-town/img/home3/mshow-s-4.jpg]
[pluginspoint.com/demo/i-finger-preview/05_film-town/audio/interlude.mp3]
[pluginspoint.com/demo/i-finger-preview/05_film-town/img/album-art/1.jpg]
[pluginspoint.com/demo/i-finger-preview/05_film-town/img/album-art/2.jpg]
[pluginspoint.com/demo/i-finger-preview/05_film-town/img/album-art/3.jpg]
[pluginspoint.com/demo/i-finger-preview/05_film-town/img/album-art/4.jpg]
[pluginspoint.com/demo/i-finger-preview/05_film-town/img/album-art/5.jpg]
[pluginspoint.com/demo/i-finger-preview/05_film-town/img/album-art/6.jpg]
[pluginspoint.com/demo/i-finger-preview/05_film-town/img/album-art/7.jpg]
[pluginspoint.com/demo/i-finger-preview/05_film-town/img/album-art/8.jpg]
[pluginspoint.com/demo/i-finger-preview/05_film-town/img/album-art/9.jpg]
[pluginspoint.com/demo/i-finger-preview/05_film-town/img/album-art/10.jpg]
[pluginspoint.com/demo/i-finger-preview/05_film-town/img/home3/gallery-1.jpg]
[pluginspoint.com/demo/i-finger-preview/05_film-town/img/home3/gallery-2.jpg]
[pluginspoint.com/demo/i-finger-preview/05_film-town/img/home3/gallery-3.jpg]
[pluginspoint.com/demo/i-finger-preview/05_film-town/img/home3/gallery-4.jpg]
[pluginspoint.com/demo/i-finger-preview/05_film-town/img/home3/gallery-5.jpg]
[pluginspoint.com/demo/i-finger-preview/05_film-town/img/home3/gallery-6.jpg]
[pluginspoint.com/demo/i-finger-preview/05_film-town/img/home3/upcoming-banner.png]
[pluginspoint.com/demo/i-finger-preview/05_film-town/img/home3/ums-banner-1.jpg]
[pluginspoint.com/demo/i-finger-preview/05_film-town/img/home3/ums-banner-2.jpg]
[pluginspoint.com/demo/i-finger-preview/05_film-town/img/home3/ums-banner-3.jpg]
[pluginspoint.com/demo/i-finger-preview/05_film-town/img/home3/footer-team.png]
[pluginspoint.com/demo/i-finger-preview/05_film-town/03_index-3.html]
[pluginspoint.com/demo/i-finger-preview/05_film-town/img/celebrety/details-author.jpg]
[pluginspoint.com/demo/i-finger-preview/05_film-town/09_about.html]
[pluginspoint.com/demo/i-finger-preview/05_film-town/img/product/grid-1.jpg]
[pluginspoint.com/demo/i-finger-preview/05_film-town/img/product/grid-2.jpg]
[pluginspoint.com/demo/i-finger-preview/05_film-town/img/product/grid-3.jpg]
[pluginspoint.com/demo/i-finger-preview/05_film-town/img/product/grid-4.jpg]
[pluginspoint.com/demo/i-finger-preview/05_film-town/img/product/grid-5.jpg]
[pluginspoint.com/demo/i-finger-preview/05_film-town/img/product/grid-6.jpg]
[pluginspoint.com/demo/i-finger-preview/05_film-town/img/product/grid-7.jpg]
[pluginspoint.com/demo/i-finger-preview/05_film-town/img/product/grid-8.jpg]
[pluginspoint.com/demo/i-finger-preview/05_film-town/img/product/grid-9.jpg]
[pluginspoint.com/demo/i-finger-preview/05_film-town/img/product/grid-10.jpg]
[pluginspoint.com/demo/i-finger-preview/05_film-town/img/product/grid-11.jpg]
[pluginspoint.com/demo/i-finger-preview/05_film-town/img/product/grid-12.jpg]
[pluginspoint.com/demo/i-finger-preview/05_film-town/img/product/list-1.jpg]
[pluginspoint.com/demo/i-finger-preview/05_film-town/img/product/list-2.jpg]
[pluginspoint.com/demo/i-finger-preview/05_film-town/img/product/list-3.jpg]
[pluginspoint.com/demo/i-finger-preview/05_film-town/05_feature-movie-grid.html]
[pluginspoint.com/demo/i-finger-preview/05_film-town/06_feature-movie-list.html]
[pluginspoint.com/demo/i-finger-preview/05_film-town/img/details/related-movie-b-1.jpg]
[pluginspoint.com/demo/i-finger-preview/05_film-town/img/details/related-movie-s-1.jpg]
[pluginspoint.com/demo/i-finger-preview/05_film-town/img/details/related-movie-s-2.jpg]
[pluginspoint.com/demo/i-finger-preview/05_film-town/img/details/movie.jpg]
[pluginspoint.com/demo/i-finger-preview/05_film-town/04_movie-details.html]
[pluginspoint.com/demo/i-finger-preview/05_film-town/img/blog/latest-news-b-1.jpg]
[pluginspoint.com/demo/i-finger-preview/05_film-town/img/blog/latest-news-b-2.jpg]
[pluginspoint.com/demo/i-finger-preview/05_film-town/img/blog/latest-news-b-3.jpg]
[pluginspoint.com/demo/i-finger-preview/05_film-town/img/blog/latest-news-b-4.jpg]
[pluginspoint.com/demo/i-finger-preview/05_film-town/img/blog/latest-news-s-1.jpg]
[pluginspoint.com/demo/i-finger-preview/05_film-town/img/blog/latest-news-s-2.jpg]
[pluginspoint.com/demo/i-finger-preview/05_film-town/img/blog/latest-news-s-3.jpg]
[pluginspoint.com/demo/i-finger-preview/05_film-town/img/blog/latest-news-s-4.jpg]
[pluginspoint.com/demo/i-finger-preview/05_film-town/img/blog/latest-news-s-5.jpg]
[pluginspoint.com/demo/i-finger-preview/05_film-town/img/blog/latest-news-s-6.jpg]
[pluginspoint.com/demo/i-finger-preview/05_film-town/img/blog/latest-news-s-7.jpg]
[pluginspoint.com/demo/i-finger-preview/05_film-town/img/blog/latest-news-s-8.jpg]
[pluginspoint.com/demo/i-finger-preview/05_film-town/10_blog-page.html]
[pluginspoint.com/demo/i-finger-preview/05_film-town/img/blog/details-banner.jpg]
[pluginspoint.com/demo/i-finger-preview/05_film-town/img/blog/comment-author-1.png]
[pluginspoint.com/demo/i-finger-preview/05_film-town/img/blog/comment-author-2.png]
[pluginspoint.com/demo/i-finger-preview/05_film-town/img/blog/comment-author-3.png]
[pluginspoint.com/demo/i-finger-preview/05_film-town/11_blog-details.html]
[pluginspoint.com/demo/i-finger-preview/05_film-town/img/celebrety/celeb-1.jpg]
[pluginspoint.com/demo/i-finger-preview/05_film-town/img/celebrety/celeb-2.jpg]
[pluginspoint.com/demo/i-finger-preview/05_film-town/img/celebrety/celeb-3.jpg]
[pluginspoint.com/demo/i-finger-preview/05_film-town/img/celebrety/celeb-4.jpg]
[pluginspoint.com/demo/i-finger-preview/05_film-town/img/celebrety/celeb-5.jpg]
[pluginspoint.com/demo/i-finger-preview/05_film-town/img/celebrety/celeb-6.jpg]
[pluginspoint.com/demo/i-finger-preview/05_film-town/img/celebrety/celeb-7.jpg]
[pluginspoint.com/demo/i-finger-preview/05_film-town/img/celebrety/celeb-8.jpg]
[pluginspoint.com/demo/i-finger-preview/05_film-town/img/celebrety/celeb-9.jpg]
[pluginspoint.com/demo/i-finger-preview/05_film-town/img/celebrety/celeb-10.jpg]
[pluginspoint.com/demo/i-finger-preview/05_film-town/img/celebrety/celeb-11.jpg]
[pluginspoint.com/demo/i-finger-preview/05_film-town/img/celebrety/celeb-12.jpg]
[pluginspoint.com/demo/i-finger-preview/05_film-town/07_celebrety-page.html]
[pluginspoint.com/demo/i-finger-preview/05_film-town/08_celebrety-details.html]
[pluginspoint.com/demo/i-finger-preview/05_film-town/12_contact.html]
[pluginspoint.com/demo/i-finger-preview/05_film-town/css/images/ui-icons_444444_256x240.html]
[pluginspoint.com/demo/i-finger-preview/05_film-town/css/images/ui-icons_555555_256x240.html]
[pluginspoint.com/demo/i-finger-preview/05_film-town/css/images/ui-icons_ffffff_256x240.html]
[pluginspoint.com/demo/i-finger-preview/05_film-town/css/images/ui-icons_777620_256x240.html]
[pluginspoint.com/demo/i-finger-preview/05_film-town/css/images/ui-icons_cc0000_256x240.html]
[pluginspoint.com/demo/i-finger-preview/05_film-town/css/images/ui-icons_777777_256x240.html]
[pluginspoint.com/demo/i-finger-preview/05_film-town/fonts/fa-brands-400.svg]
[pluginspoint.com/demo/i-finger-preview/05_film-town/fonts/fa-regular-400.svg]
[pluginspoint.com/demo/i-finger-preview/05_film-town/fonts/fa-solid-900.svg]
[pluginspoint.com/demo/i-finger-preview/05_film-town/css/owl.video.play.html]
[pluginspoint.com/demo/i-finger-preview/05_film-town/img/album-art/3.jpg]
